Cleaning old SC06/SC07/SC08 outputs...
=== START SC06 ===
[1/80] 01)SC06-P=0.01W-S=PF-Q=50KiB
flows = 57408
[2/80] 02)SC06-P=0.01W-S=PF-Q=100KiB
flows = 57408
[3/80] 03)SC06-P=0.01W-S=PF-Q=2MiB
flows = 57408
[4/80] 04)SC06-P=0.01W-S=PF-Q=10MiB
flows = 57408
[5/80] 05)SC06-P=0.01W-S=MAXCI-Q=50KiB
flows = 57408
[6/80] 06)SC06-P=0.01W-S=MAXCI-Q=100KiB
flows = 57408
[7/80] 07)SC06-P=0.01W-S=MAXCI-Q=2MiB
flows = 57408
[8/80] 08)SC06-P=0.01W-S=MAXCI-Q=10MiB
flows = 57408
[9/80] 09)SC06-P=0.01W-S=DRR-Q=50KiB
flows = 57408
[10/80] 10)SC06-P=0.01W-S=DRR-Q=100KiB
flows = 57408
[11/80] 11)SC06-P=0.01W-S=DRR-Q=2MiB
flows = 57408
[12/80] 12)SC06-P=0.01W-S=DRR-Q=10MiB
FAILED
[13/80] 13)SC06-P=0.01W-S=MAXCI_MB-Q=50KiB
flows = 57408
[14/80] 14)SC06-P=0.01W-S=MAXCI_MB-Q=100KiB
flows = 57408
[15/80] 15)SC06-P=0.01W-S=MAXCI_MB-Q=2MiB
flows = 57408
[16/80] 16)SC06-P=0.01W-S=MAXCI_MB-Q=10MiB
flows = 57408
[17/80] 17)SC06-P=0.01W-S=ALLOCATOR_BESTFIT-Q=50KiB
FAILED
[18/80] 18)SC06-P=0.01W-S=ALLOCATOR_BESTFIT-Q=100KiB
FAILED
[19/80] 19)SC06-P=0.01W-S=ALLOCATOR_BESTFIT-Q=2MiB
FAILED
[20/80] 20)SC06-P=0.01W-S=ALLOCATOR_BESTFIT-Q=10MiB
FAILED
[21/80] 21)SC06-P=0.1W-S=PF-Q=50KiB
flows = 57408
[22/80] 22)SC06-P=0.1W-S=PF-Q=100KiB
flows = 57408
[23/80] 23)SC06-P=0.1W-S=PF-Q=2MiB
flows = 57408
[24/80] 24)SC06-P=0.1W-S=PF-Q=10MiB
flows = 57408
[25/80] 25)SC06-P=0.1W-S=MAXCI-Q=50KiB
flows = 57408
[26/80] 26)SC06-P=0.1W-S=MAXCI-Q=100KiB
flows = 57408
[27/80] 27)SC06-P=0.1W-S=MAXCI-Q=2MiB
flows = 57408
[28/80] 28)SC06-P=0.1W-S=MAXCI-Q=10MiB
flows = 57408
[29/80] 29)SC06-P=0.1W-S=DRR-Q=50KiB
flows = 57408
[30/80] 30)SC06-P=0.1W-S=DRR-Q=100KiB
flows = 57408
[31/80] 31)SC06-P=0.1W-S=DRR-Q=2MiB
flows = 57408
[32/80] 32)SC06-P=0.1W-S=DRR-Q=10MiB
FAILED
[33/80] 33)SC06-P=0.1W-S=MAXCI_MB-Q=50KiB
flows = 57408
[34/80] 34)SC06-P=0.1W-S=MAXCI_MB-Q=100KiB
flows = 57408
[35/80] 35)SC06-P=0.1W-S=MAXCI_MB-Q=2MiB
flows = 57408
[36/80] 36)SC06-P=0.1W-S=MAXCI_MB-Q=10MiB
flows = 57408
[37/80] 37)SC06-P=0.1W-S=ALLOCATOR_BESTFIT-Q=50KiB
FAILED
[38/80] 38)SC06-P=0.1W-S=ALLOCATOR_BESTFIT-Q=100KiB
FAILED
[39/80] 39)SC06-P=0.1W-S=ALLOCATOR_BESTFIT-Q=2MiB
FAILED
[40/80] 40)SC06-P=0.1W-S=ALLOCATOR_BESTFIT-Q=10MiB
FAILED
[41/80] 41)SC06-P=0.5W-S=PF-Q=50KiB
flows = 57408
[42/80] 42)SC06-P=0.5W-S=PF-Q=100KiB
flows = 57408
[43/80] 43)SC06-P=0.5W-S=PF-Q=2MiB
flows = 57408
[44/80] 44)SC06-P=0.5W-S=PF-Q=10MiB
flows = 57408
[45/80] 45)SC06-P=0.5W-S=MAXCI-Q=50KiB
flows = 57408
[46/80] 46)SC06-P=0.5W-S=MAXCI-Q=100KiB
flows = 57408
[47/80] 47)SC06-P=0.5W-S=MAXCI-Q=2MiB
flows = 57408
[48/80] 48)SC06-P=0.5W-S=MAXCI-Q=10MiB
flows = 57408
[49/80] 49)SC06-P=0.5W-S=DRR-Q=50KiB
flows = 57408
[50/80] 50)SC06-P=0.5W-S=DRR-Q=100KiB
flows = 57408
[51/80] 51)SC06-P=0.5W-S=DRR-Q=2MiB
flows = 57408
[52/80] 52)SC06-P=0.5W-S=DRR-Q=10MiB
FAILED
[53/80] 53)SC06-P=0.5W-S=MAXCI_MB-Q=50KiB
flows = 57408
[54/80] 54)SC06-P=0.5W-S=MAXCI_MB-Q=100KiB
flows = 57408
[55/80] 55)SC06-P=0.5W-S=MAXCI_MB-Q=2MiB
flows = 57408
[56/80] 56)SC06-P=0.5W-S=MAXCI_MB-Q=10MiB
flows = 57408
[57/80] 57)SC06-P=0.5W-S=ALLOCATOR_BESTFIT-Q=50KiB
FAILED
[58/80] 58)SC06-P=0.5W-S=ALLOCATOR_BESTFIT-Q=100KiB
FAILED
[59/80] 59)SC06-P=0.5W-S=ALLOCATOR_BESTFIT-Q=2MiB
FAILED
[60/80] 60)SC06-P=0.5W-S=ALLOCATOR_BESTFIT-Q=10MiB
FAILED
[61/80] 61)SC06-P=2W-S=PF-Q=50KiB
flows = 57408
[62/80] 62)SC06-P=2W-S=PF-Q=100KiB
flows = 57408
[63/80] 63)SC06-P=2W-S=PF-Q=2MiB
flows = 57408
[64/80] 64)SC06-P=2W-S=PF-Q=10MiB
flows = 57408
[65/80] 65)SC06-P=2W-S=MAXCI-Q=50KiB
flows = 57408
[66/80] 66)SC06-P=2W-S=MAXCI-Q=100KiB
flows = 57408
[67/80] 67)SC06-P=2W-S=MAXCI-Q=2MiB
flows = 57408
[68/80] 68)SC06-P=2W-S=MAXCI-Q=10MiB
flows = 57408
[69/80] 69)SC06-P=2W-S=DRR-Q=50KiB
flows = 57408
[70/80] 70)SC06-P=2W-S=DRR-Q=100KiB
flows = 57408
[71/80] 71)SC06-P=2W-S=DRR-Q=2MiB
flows = 57408
[72/80] 72)SC06-P=2W-S=DRR-Q=10MiB
FAILED
[73/80] 73)SC06-P=2W-S=MAXCI_MB-Q=50KiB
flows = 57408
[74/80] 74)SC06-P=2W-S=MAXCI_MB-Q=100KiB
flows = 57408
[75/80] 75)SC06-P=2W-S=MAXCI_MB-Q=2MiB
flows = 57408
[76/80] 76)SC06-P=2W-S=MAXCI_MB-Q=10MiB
flows = 57408
[77/80] 77)SC06-P=2W-S=ALLOCATOR_BESTFIT-Q=50KiB
FAILED
[78/80] 78)SC06-P=2W-S=ALLOCATOR_BESTFIT-Q=100KiB
FAILED
[79/80] 79)SC06-P=2W-S=ALLOCATOR_BESTFIT-Q=2MiB
FAILED
[80/80] 80)SC06-P=2W-S=ALLOCATOR_BESTFIT-Q=10MiB
FAILED
=== START SC07 ===
[1/80] 01)SC07-P=0.01W-S=PF-Q=50KiB
flows = 71760
[2/80] 02)SC07-P=0.01W-S=PF-Q=100KiB
flows = 71760
[3/80] 03)SC07-P=0.01W-S=PF-Q=2MiB
flows = 71760
[4/80] 04)SC07-P=0.01W-S=PF-Q=10MiB
flows = 71760
[5/80] 05)SC07-P=0.01W-S=MAXCI-Q=50KiB
flows = 71760
[6/80] 06)SC07-P=0.01W-S=MAXCI-Q=100KiB
flows = 71760
[7/80] 07)SC07-P=0.01W-S=MAXCI-Q=2MiB
flows = 71760
[8/80] 08)SC07-P=0.01W-S=MAXCI-Q=10MiB
flows = 71760
[9/80] 09)SC07-P=0.01W-S=DRR-Q=50KiB
flows = 71760
[10/80] 10)SC07-P=0.01W-S=DRR-Q=100KiB
flows = 71760
[11/80] 11)SC07-P=0.01W-S=DRR-Q=2MiB
flows = 71760
[12/80] 12)SC07-P=0.01W-S=DRR-Q=10MiB
flows = 71760
[13/80] 13)SC07-P=0.01W-S=MAXCI_MB-Q=50KiB
flows = 71760
[14/80] 14)SC07-P=0.01W-S=MAXCI_MB-Q=100KiB
flows = 71760
[15/80] 15)SC07-P=0.01W-S=MAXCI_MB-Q=2MiB
flows = 71760
[16/80] 16)SC07-P=0.01W-S=MAXCI_MB-Q=10MiB
flows = 71760
[17/80] 17)SC07-P=0.01W-S=ALLOCATOR_BESTFIT-Q=50KiB
FAILED
[18/80] 18)SC07-P=0.01W-S=ALLOCATOR_BESTFIT-Q=100KiB
FAILED
[19/80] 19)SC07-P=0.01W-S=ALLOCATOR_BESTFIT-Q=2MiB
FAILED
[20/80] 20)SC07-P=0.01W-S=ALLOCATOR_BESTFIT-Q=10MiB
FAILED
[21/80] 21)SC07-P=0.1W-S=PF-Q=50KiB
flows = 71760
[22/80] 22)SC07-P=0.1W-S=PF-Q=100KiB
flows = 71760
[23/80] 23)SC07-P=0.1W-S=PF-Q=2MiB
flows = 71760
[24/80] 24)SC07-P=0.1W-S=PF-Q=10MiB
flows = 71760
[25/80] 25)SC07-P=0.1W-S=MAXCI-Q=50KiB
flows = 71760
[26/80] 26)SC07-P=0.1W-S=MAXCI-Q=100KiB
flows = 71760
[27/80] 27)SC07-P=0.1W-S=MAXCI-Q=2MiB
flows = 71760
[28/80] 28)SC07-P=0.1W-S=MAXCI-Q=10MiB
flows = 71760
[29/80] 29)SC07-P=0.1W-S=DRR-Q=50KiB
flows = 71760
[30/80] 30)SC07-P=0.1W-S=DRR-Q=100KiB
flows = 71760
[31/80] 31)SC07-P=0.1W-S=DRR-Q=2MiB
flows = 71760
[32/80] 32)SC07-P=0.1W-S=DRR-Q=10MiB
flows = 71760
[33/80] 33)SC07-P=0.1W-S=MAXCI_MB-Q=50KiB
flows = 71760
[34/80] 34)SC07-P=0.1W-S=MAXCI_MB-Q=100KiB
flows = 71760
[35/80] 35)SC07-P=0.1W-S=MAXCI_MB-Q=2MiB
flows = 71760
[36/80] 36)SC07-P=0.1W-S=MAXCI_MB-Q=10MiB
flows = 71760
[37/80] 37)SC07-P=0.1W-S=ALLOCATOR_BESTFIT-Q=50KiB
FAILED
[38/80] 38)SC07-P=0.1W-S=ALLOCATOR_BESTFIT-Q=100KiB
FAILED
[39/80] 39)SC07-P=0.1W-S=ALLOCATOR_BESTFIT-Q=2MiB
FAILED
[40/80] 40)SC07-P=0.1W-S=ALLOCATOR_BESTFIT-Q=10MiB
FAILED
[41/80] 41)SC07-P=0.5W-S=PF-Q=50KiB
flows = 71760
[42/80] 42)SC07-P=0.5W-S=PF-Q=100KiB
flows = 71760
[43/80] 43)SC07-P=0.5W-S=PF-Q=2MiB
flows = 71760
[44/80] 44)SC07-P=0.5W-S=PF-Q=10MiB
flows = 71760
[45/80] 45)SC07-P=0.5W-S=MAXCI-Q=50KiB
flows = 71760
[46/80] 46)SC07-P=0.5W-S=MAXCI-Q=100KiB
flows = 71760
[47/80] 47)SC07-P=0.5W-S=MAXCI-Q=2MiB
flows = 71760
[48/80] 48)SC07-P=0.5W-S=MAXCI-Q=10MiB
flows = 71760
[49/80] 49)SC07-P=0.5W-S=DRR-Q=50KiB
flows = 71760
[50/80] 50)SC07-P=0.5W-S=DRR-Q=100KiB
flows = 71760
[51/80] 51)SC07-P=0.5W-S=DRR-Q=2MiB
flows = 71760
[52/80] 52)SC07-P=0.5W-S=DRR-Q=10MiB
flows = 71760
[53/80] 53)SC07-P=0.5W-S=MAXCI_MB-Q=50KiB
flows = 71760
[54/80] 54)SC07-P=0.5W-S=MAXCI_MB-Q=100KiB
flows = 71760
[55/80] 55)SC07-P=0.5W-S=MAXCI_MB-Q=2MiB
flows = 71760
[56/80] 56)SC07-P=0.5W-S=MAXCI_MB-Q=10MiB
flows = 71760
[57/80] 57)SC07-P=0.5W-S=ALLOCATOR_BESTFIT-Q=50KiB
FAILED
[58/80] 58)SC07-P=0.5W-S=ALLOCATOR_BESTFIT-Q=100KiB
FAILED
[59/80] 59)SC07-P=0.5W-S=ALLOCATOR_BESTFIT-Q=2MiB
FAILED
[60/80] 60)SC07-P=0.5W-S=ALLOCATOR_BESTFIT-Q=10MiB
FAILED
[61/80] 61)SC07-P=2W-S=PF-Q=50KiB
flows = 71760
[62/80] 62)SC07-P=2W-S=PF-Q=100KiB
flows = 71760
[63/80] 63)SC07-P=2W-S=PF-Q=2MiB
flows = 71760
[64/80] 64)SC07-P=2W-S=PF-Q=10MiB
flows = 71760
[65/80] 65)SC07-P=2W-S=MAXCI-Q=50KiB
flows = 71760
[66/80] 66)SC07-P=2W-S=MAXCI-Q=100KiB
flows = 71760
[67/80] 67)SC07-P=2W-S=MAXCI-Q=2MiB
flows = 71760
[68/80] 68)SC07-P=2W-S=MAXCI-Q=10MiB
flows = 71760
[69/80] 69)SC07-P=2W-S=DRR-Q=50KiB
flows = 71760
[70/80] 70)SC07-P=2W-S=DRR-Q=100KiB
flows = 71760
[71/80] 71)SC07-P=2W-S=DRR-Q=2MiB
flows = 71760
[72/80] 72)SC07-P=2W-S=DRR-Q=10MiB
flows = 71760
[73/80] 73)SC07-P=2W-S=MAXCI_MB-Q=50KiB
flows = 71760
[74/80] 74)SC07-P=2W-S=MAXCI_MB-Q=100KiB
flows = 71760
[75/80] 75)SC07-P=2W-S=MAXCI_MB-Q=2MiB
flows = 71760
[76/80] 76)SC07-P=2W-S=MAXCI_MB-Q=10MiB
flows = 71760
[77/80] 77)SC07-P=2W-S=ALLOCATOR_BESTFIT-Q=50KiB
FAILED
[78/80] 78)SC07-P=2W-S=ALLOCATOR_BESTFIT-Q=100KiB
FAILED
[79/80] 79)SC07-P=2W-S=ALLOCATOR_BESTFIT-Q=2MiB
FAILED
[80/80] 80)SC07-P=2W-S=ALLOCATOR_BESTFIT-Q=10MiB
FAILED
=== START SC08 ===
[1/80] 01)SC08-P=0.01W-S=PF-Q=50KiB
flows = 35880
[2/80] 02)SC08-P=0.01W-S=PF-Q=100KiB
flows = 35880
[3/80] 03)SC08-P=0.01W-S=PF-Q=2MiB
flows = 35880
[4/80] 04)SC08-P=0.01W-S=PF-Q=10MiB
flows = 35880
[5/80] 05)SC08-P=0.01W-S=MAXCI-Q=50KiB
flows = 35880
[6/80] 06)SC08-P=0.01W-S=MAXCI-Q=100KiB
flows = 35880
[7/80] 07)SC08-P=0.01W-S=MAXCI-Q=2MiB
flows = 35880
[8/80] 08)SC08-P=0.01W-S=MAXCI-Q=10MiB
flows = 35880
[9/80] 09)SC08-P=0.01W-S=DRR-Q=50KiB
flows = 35880
[10/80] 10)SC08-P=0.01W-S=DRR-Q=100KiB
flows = 35880
[11/80] 11)SC08-P=0.01W-S=DRR-Q=2MiB
flows = 35880
[12/80] 12)SC08-P=0.01W-S=DRR-Q=10MiB
flows = 35880
[13/80] 13)SC08-P=0.01W-S=MAXCI_MB-Q=50KiB
flows = 35880
[14/80] 14)SC08-P=0.01W-S=MAXCI_MB-Q=100KiB
flows = 35880
[15/80] 15)SC08-P=0.01W-S=MAXCI_MB-Q=2MiB
flows = 35880
[16/80] 16)SC08-P=0.01W-S=MAXCI_MB-Q=10MiB
flows = 35880
[17/80] 17)SC08-P=0.01W-S=ALLOCATOR_BESTFIT-Q=50KiB
FAILED
[18/80] 18)SC08-P=0.01W-S=ALLOCATOR_BESTFIT-Q=100KiB
FAILED
[19/80] 19)SC08-P=0.01W-S=ALLOCATOR_BESTFIT-Q=2MiB
FAILED
[20/80] 20)SC08-P=0.01W-S=ALLOCATOR_BESTFIT-Q=10MiB
FAILED
[21/80] 21)SC08-P=0.1W-S=PF-Q=50KiB
flows = 35880
[22/80] 22)SC08-P=0.1W-S=PF-Q=100KiB
flows = 35880
[23/80] 23)SC08-P=0.1W-S=PF-Q=2MiB
flows = 35880
[24/80] 24)SC08-P=0.1W-S=PF-Q=10MiB
flows = 35880
[25/80] 25)SC08-P=0.1W-S=MAXCI-Q=50KiB
flows = 35880
[26/80] 26)SC08-P=0.1W-S=MAXCI-Q=100KiB
flows = 35880
[27/80] 27)SC08-P=0.1W-S=MAXCI-Q=2MiB
flows = 35880
[28/80] 28)SC08-P=0.1W-S=MAXCI-Q=10MiB
flows = 35880
[29/80] 29)SC08-P=0.1W-S=DRR-Q=50KiB
flows = 35880
[30/80] 30)SC08-P=0.1W-S=DRR-Q=100KiB
flows = 35880
[31/80] 31)SC08-P=0.1W-S=DRR-Q=2MiB
flows = 35880
[32/80] 32)SC08-P=0.1W-S=DRR-Q=10MiB
flows = 35880
[33/80] 33)SC08-P=0.1W-S=MAXCI_MB-Q=50KiB
flows = 35880
[34/80] 34)SC08-P=0.1W-S=MAXCI_MB-Q=100KiB
flows = 35880
[35/80] 35)SC08-P=0.1W-S=MAXCI_MB-Q=2MiB
flows = 35880
[36/80] 36)SC08-P=0.1W-S=MAXCI_MB-Q=10MiB
flows = 35880
[37/80] 37)SC08-P=0.1W-S=ALLOCATOR_BESTFIT-Q=50KiB
FAILED
[38/80] 38)SC08-P=0.1W-S=ALLOCATOR_BESTFIT-Q=100KiB
FAILED
[39/80] 39)SC08-P=0.1W-S=ALLOCATOR_BESTFIT-Q=2MiB
FAILED
[40/80] 40)SC08-P=0.1W-S=ALLOCATOR_BESTFIT-Q=10MiB
FAILED
[41/80] 41)SC08-P=0.5W-S=PF-Q=50KiB
flows = 35880
[42/80] 42)SC08-P=0.5W-S=PF-Q=100KiB
flows = 35880
[43/80] 43)SC08-P=0.5W-S=PF-Q=2MiB
flows = 35880
[44/80] 44)SC08-P=0.5W-S=PF-Q=10MiB
flows = 35880
[45/80] 45)SC08-P=0.5W-S=MAXCI-Q=50KiB
flows = 35880
[46/80] 46)SC08-P=0.5W-S=MAXCI-Q=100KiB
flows = 35880
[47/80] 47)SC08-P=0.5W-S=MAXCI-Q=2MiB
flows = 35880
[48/80] 48)SC08-P=0.5W-S=MAXCI-Q=10MiB
flows = 35880
[49/80] 49)SC08-P=0.5W-S=DRR-Q=50KiB
flows = 35880
[50/80] 50)SC08-P=0.5W-S=DRR-Q=100KiB
flows = 35880
[51/80] 51)SC08-P=0.5W-S=DRR-Q=2MiB
flows = 35880
[52/80] 52)SC08-P=0.5W-S=DRR-Q=10MiB
flows = 35880
[53/80] 53)SC08-P=0.5W-S=MAXCI_MB-Q=50KiB
flows = 35880
[54/80] 54)SC08-P=0.5W-S=MAXCI_MB-Q=100KiB
flows = 35880
[55/80] 55)SC08-P=0.5W-S=MAXCI_MB-Q=2MiB
flows = 35880
[56/80] 56)SC08-P=0.5W-S=MAXCI_MB-Q=10MiB
flows = 35880
[57/80] 57)SC08-P=0.5W-S=ALLOCATOR_BESTFIT-Q=50KiB
FAILED
[58/80] 58)SC08-P=0.5W-S=ALLOCATOR_BESTFIT-Q=100KiB
FAILED
[59/80] 59)SC08-P=0.5W-S=ALLOCATOR_BESTFIT-Q=2MiB
FAILED
[60/80] 60)SC08-P=0.5W-S=ALLOCATOR_BESTFIT-Q=10MiB
FAILED
[61/80] 61)SC08-P=2W-S=PF-Q=50KiB
flows = 35880
[62/80] 62)SC08-P=2W-S=PF-Q=100KiB
flows = 35880
[63/80] 63)SC08-P=2W-S=PF-Q=2MiB
flows = 35880
[64/80] 64)SC08-P=2W-S=PF-Q=10MiB
flows = 35880
[65/80] 65)SC08-P=2W-S=MAXCI-Q=50KiB
flows = 35880
[66/80] 66)SC08-P=2W-S=MAXCI-Q=100KiB
flows = 35880
[67/80] 67)SC08-P=2W-S=MAXCI-Q=2MiB
flows = 35880
[68/80] 68)SC08-P=2W-S=MAXCI-Q=10MiB
flows = 35880
[69/80] 69)SC08-P=2W-S=DRR-Q=50KiB
flows = 35880
[70/80] 70)SC08-P=2W-S=DRR-Q=100KiB
flows = 35880
[71/80] 71)SC08-P=2W-S=DRR-Q=2MiB
flows = 35880
[72/80] 72)SC08-P=2W-S=DRR-Q=10MiB
flows = 35880
[73/80] 73)SC08-P=2W-S=MAXCI_MB-Q=50KiB
flows = 35880
[74/80] 74)SC08-P=2W-S=MAXCI_MB-Q=100KiB
flows = 35880
[75/80] 75)SC08-P=2W-S=MAXCI_MB-Q=2MiB
flows = 35880
[76/80] 76)SC08-P=2W-S=MAXCI_MB-Q=10MiB
flows = 35880
[77/80] 77)SC08-P=2W-S=ALLOCATOR_BESTFIT-Q=50KiB
FAILED
[78/80] 78)SC08-P=2W-S=ALLOCATOR_BESTFIT-Q=100KiB
FAILED
[79/80] 79)SC08-P=2W-S=ALLOCATOR_BESTFIT-Q=2MiB
FAILED
[80/80] 80)SC08-P=2W-S=ALLOCATOR_BESTFIT-Q=10MiB
FAILED
=== DONE ALL ===
SC06 data:
60
SC07 data:
64
SC08 data:
64
FAILED:
52
ZERO_FLOWS:
0
